[06:39:15] 总文件 2，已完成 9，待筛 2，本批上限 2，并发 3 路
[06:39:15] 筛查 辐射压力_公理化研究\03_辐射压力层化理论_介质裁决的可判定结构.md
[06:39:15] 筛查 数学基础强化_系列\09_相变的信息几何判据_曲率奇异性与标度律的统一.md
[06:39:15]   段 1（行 1-22）命中段级缓存（1 条）
[06:39:15]   段 2 历史超时标记，直接二分（行 23-48）
[06:39:15]   ⚠️ 段 2 超时，第 1 级二分（行 23-35 / 36-48）
[06:39:15]   段 2a 历史超时标记，直接二分（行 23-35）
[06:39:15]   ⚠️ 段 2a 超时，第 2 级二分（行 23-29 / 30-35）
[06:39:15]   段 2aa 历史超时标记，直接二分（行 23-29）
[06:39:15]   ⚠️ 段 2aa 超时，第 3 级二分（行 23-26 / 27-29）
[06:39:15]   段 2aaa（行 23-26）命中段级缓存（0 条）
[06:39:15]   段 2aab（行 27-29）命中段级缓存（0 条）
[06:39:15]   段 2ab（行 30-35）命中段级缓存（0 条）
[06:39:15]   段 2b（行 36-48）命中段级缓存（0 条）
[06:39:15]   段 3（行 49-66）命中段级缓存（1 条）
[06:39:15]   段 4 历史超时标记，直接二分（行 67-97）
[06:39:15]   ⚠️ 段 4 超时，第 1 级二分（行 67-82 / 83-97）
[06:39:15]   段 4a 历史超时标记，直接二分（行 67-82）
[06:39:15]   ⚠️ 段 4a 超时，第 2 级二分（行 67-74 / 75-82）
[06:39:15]   段 4aa 历史超时标记，直接二分（行 67-74）
[06:39:15]   ⚠️ 段 4aa 超时，第 3 级二分（行 67-70 / 71-74）
[06:39:15]   段 4aaa 历史超时标记，直接二分（行 67-70）
[06:39:15]   ⚠️ 段 4aaa 超时，第 4 级二分（行 67-68 / 69-70）
[06:39:15]   段 4aaaa 历史超时标记，直接二分（行 67-68）
[06:39:15]   ⚠️ 段 4aaaa 超时，第 5 级二分（行 67-67 / 68-68）
[06:39:15]   段 4aaaaa 单行 488 字符触底，行内截断送审（L0067a/b）
[06:39:15]   段 4aaaaax（行 67-67）命中段级缓存（2 条）
[06:39:15]   段 4aaaaay（行 67-67）命中段级缓存（2 条）
[06:39:15]   段 1 历史超时标记，直接二分（行 1-23）
[06:39:15]   段 4aaaab（行 68-68）命中段级缓存（0 条）
[06:39:15]   ⚠️ 段 1 超时，第 1 级二分（行 1-12 / 13-23）
[06:39:15]   段 1a 历史超时标记，直接二分（行 1-12）
[06:39:15]   段 4aaab（行 69-70）命中段级缓存（1 条）
[06:39:15]   ⚠️ 段 1a 超时，第 2 级二分（行 1-6 / 7-12）
[06:39:15]   段 4aab（行 71-74）命中段级缓存（0 条）
[06:39:15]   段 1aa（行 1-6）命中段级缓存（0 条）
[06:39:15]   段 4ab 历史超时标记，直接二分（行 75-82）
[06:39:15]   段 1ab 历史超时标记，直接二分（行 7-12）
[06:39:15]   ⚠️ 段 4ab 超时，第 3 级二分（行 75-78 / 79-82）
[06:39:15]   ⚠️ 段 1ab 超时，第 3 级二分（行 7-9 / 10-12）
[06:39:15]   段 1aba（行 7-9）命中段级缓存（0 条）
[06:39:15]   段 1abb 历史超时标记，直接二分（行 10-12）
[06:39:15]   ⚠️ 段 1abb 超时，第 4 级二分（行 10-11 / 12-12）
[06:39:15]   段 1abba（行 10-11）命中段级缓存（0 条）
[06:39:15]   段 1abbb 单行 943 字符触底，行内截断送审（L0012a/b）
[06:39:15]   段 4aba（行 75-78）命中段级缓存（0 条）
[06:39:15]   段 1abbbx 行内半段历史超时，记覆盖缺口
[06:39:15]   段 1abbby 行内半段历史超时，记覆盖缺口
[06:39:15]   段 4abb（行 79-82）命中段级缓存（0 条）
[06:39:15]   段 1b（行 13-23）命中段级缓存（0 条）
[06:39:15]   段 2 历史超时标记，直接二分（行 24-53）
[06:39:15]   段 4b（行 83-97）命中段级缓存（1 条）
[06:39:15]   段 5 历史超时标记，直接二分（行 98-124）
[06:39:15]   ⚠️ 段 2 超时，第 1 级二分（行 24-38 / 39-53）
[06:39:15]   段 2a 历史超时标记，直接二分（行 24-38）
[06:39:15]   ⚠️ 段 5 超时，第 1 级二分（行 98-111 / 112-124）
[06:39:15]   段 5a 历史超时标记，直接二分（行 98-111）
[06:39:15]   ⚠️ 段 2a 超时，第 2 级二分（行 24-31 / 32-38）
[06:39:15]   段 2aa（行 24-31）命中段级缓存（0 条）
[06:39:15]   段 2ab 历史超时标记，直接二分（行 32-38）
[06:39:15]   ⚠️ 段 5a 超时，第 2 级二分（行 98-104 / 105-111）
[06:39:15]   ⚠️ 段 2ab 超时，第 3 级二分（行 32-35 / 36-38）
[06:39:15]   段 2aba（行 32-35）命中段级缓存（3 条）
[06:39:15]   段 2abb 历史超时标记，直接二分（行 36-38）
[06:39:15]   段 5aa（行 98-104）命中段级缓存（1 条）
[06:39:15]   ⚠️ 段 2abb 超时，第 4 级二分（行 36-37 / 38-38）
[06:39:15]   段 5ab（行 105-111）命中段级缓存（0 条）
[06:39:15]   段 2abba 历史超时标记，直接二分（行 36-37）
[06:39:15]   ⚠️ 段 2abba 超时，第 5 级二分（行 36-36 / 37-37）
[06:39:15]   段 5b（行 112-124）命中段级缓存（0 条）
[06:39:15]   段 2abbaa（行 36-36）命中段级缓存（1 条）
[06:39:15]   段 2abbab（行 37-37）命中段级缓存（0 条）
[06:39:15]   段 2abbb（行 38-38）命中段级缓存（0 条）
[06:39:15]   段 6（行 125-156）命中段级缓存（0 条）
[06:39:15]   段 2b（行 39-53）命中段级缓存（0 条）
[06:39:15]   段 3 历史超时标记，直接二分（行 54-91）
[06:39:15]   段 7（行 157-186）命中段级缓存（1 条）
[06:39:15]   ⚠️ 段 3 超时，第 1 级二分（行 54-72 / 73-91）
[06:39:15]   段 8 历史超时标记，直接二分（行 187-215）
[06:39:15]   段 3a（行 54-72）命中段级缓存（1 条）
[06:39:15]   段 3b 历史超时标记，直接二分（行 73-91）
[06:39:15]   ⚠️ 段 3b 超时，第 2 级二分（行 73-82 / 83-91）
[06:39:15]   段 3ba（行 73-82）命中段级缓存（2 条）
[06:39:15]   ⚠️ 段 8 超时，第 1 级二分（行 187-201 / 202-215）
[06:39:15]   段 3bb 历史超时标记，直接二分（行 83-91）
[06:39:15]   ⚠️ 段 3bb 超时，第 3 级二分（行 83-87 / 88-91）
[06:39:15]   段 3bba（行 83-87）命中段级缓存（0 条）
[06:39:15]   段 8a（行 187-201）命中段级缓存（2 条）
[06:39:15]   段 3bbb（行 88-91）命中段级缓存（1 条）
[06:39:15]   段 4 历史超时标记，直接二分（行 92-111）
[06:39:15]   ⚠️ 段 4 超时，第 1 级二分（行 92-101 / 102-111）
[06:39:15]   段 4a 历史超时标记，直接二分（行 92-101）
[06:39:15]   段 8b（行 202-215）命中段级缓存（1 条）
[06:39:15]   ⚠️ 段 4a 超时，第 2 级二分（行 92-96 / 97-101）
[06:39:15]   段 9（行 216-241）命中段级缓存（0 条）
[06:39:15]   段 4aa 历史超时标记，直接二分（行 92-96）
[06:39:15]   ⚠️ 段 4aa 超时，第 3 级二分（行 92-94 / 95-96）
[06:39:15]   段 4aaa 历史超时标记，直接二分（行 92-94）
[06:39:15]   段 10 历史超时标记，直接二分（行 242-269）
[06:39:15]   ⚠️ 段 4aaa 超时，第 4 级二分（行 92-93 / 94-94）
[06:39:15]   段 4aaaa 历史超时标记，直接二分（行 92-93）
[06:39:15]   ⚠️ 段 4aaaa 超时，第 5 级二分（行 92-92 / 93-93）
[06:39:15]   ⚠️ 段 10 超时，第 1 级二分（行 242-255 / 256-269）
[06:39:15]   段 4aaaaa（行 92-92）命中段级缓存（0 条）
[06:39:15]   段 4aaaab（行 93-93）命中段级缓存（0 条）
[06:39:15]   段 10a 历史超时标记，直接二分（行 242-255）
[06:39:15]   段 4aaab（行 94-94）命中段级缓存（0 条）
[06:39:15]   ⚠️ 段 10a 超时，第 2 级二分（行 242-248 / 249-255）
[06:39:15]   段 4aab（行 95-96）命中段级缓存（0 条）
[06:39:15]   段 10aa（行 242-248）命中段级缓存（0 条）
[06:39:15]   段 4ab（行 97-101）命中段级缓存（1 条）
[06:39:15]   段 4b 历史超时标记，直接二分（行 102-111）
[06:39:15]   段 10ab（行 249-255）命中段级缓存（0 条）
[06:39:15]   ⚠️ 段 4b 超时，第 2 级二分（行 102-106 / 107-111）
[06:39:15]   段 4ba 历史超时标记，直接二分（行 102-106）
[06:39:15]   ⚠️ 段 4ba 超时，第 3 级二分（行 102-104 / 105-106）
[06:39:15]   段 10b（行 256-269）命中段级缓存（0 条）
[06:39:15]   段 4baa（行 102-104）命中段级缓存（0 条）
[06:39:15]   段 11 历史超时标记，直接二分（行 270-306）
[06:39:15]   段 4bab（行 105-106）命中段级缓存（0 条）
[06:39:15]   段 4bb（行 107-111）命中段级缓存（1 条）
[06:39:15]   ⚠️ 段 11 超时，第 1 级二分（行 270-288 / 289-306）
[06:39:15]   段 5 历史超时标记，直接二分（行 112-145）
[06:39:15]   ⚠️ 段 5 超时，第 1 级二分（行 112-128 / 129-145）
[06:39:15]   段 5a 历史超时标记，直接二分（行 112-128）
[06:39:15]   段 11a（行 270-288）命中段级缓存（2 条）
[06:39:15]   ⚠️ 段 5a 超时，第 2 级二分（行 112-120 / 121-128）
[06:39:15]   段 11b（行 289-306）命中段级缓存（1 条）
[06:39:15]   段 5aa 历史超时标记，直接二分（行 112-120）
[06:39:15]   段 12 历史超时标记，直接二分（行 307-340）
[06:39:15]   ⚠️ 段 5aa 超时，第 3 级二分（行 112-116 / 117-120）
[06:39:15]   ⚠️ 段 12 超时，第 1 级二分（行 307-323 / 324-340）
[06:39:15]   段 5aaa（行 112-116）命中段级缓存（1 条）
[06:39:16]   段 5aab（行 117-120）命中段级缓存（0 条）
[06:39:16]   段 5ab 历史超时标记，直接二分（行 121-128）
[06:39:16]   ⚠️ 段 5ab 超时，第 3 级二分（行 121-124 / 125-128）
[06:39:15]   段 12a 历史超时标记，直接二分（行 307-323）
[06:39:16]   段 5aba 历史超时标记，直接二分（行 121-124）
[06:39:16]   ⚠️ 段 5aba 超时，第 4 级二分（行 121-122 / 123-124）
[06:39:16]   段 5abaa（行 121-122）命中段级缓存（0 条）
[06:39:16]   ⚠️ 段 12a 超时，第 2 级二分（行 307-315 / 316-323）
[06:39:16]   段 5abab（行 123-124）命中段级缓存（0 条）
[06:39:16]   段 12aa（行 307-315）命中段级缓存（0 条）
[06:39:16]   段 5abb（行 125-128）命中段级缓存（0 条）
[06:39:16]   段 12ab 历史超时标记，直接二分（行 316-323）
[06:39:16]   段 5b（行 129-145）命中段级缓存（0 条）
[06:39:16]   段 6 历史超时标记，直接二分（行 146-189）
[06:39:16]   ⚠️ 段 12ab 超时，第 3 级二分（行 316-319 / 320-323）
[06:39:16]   ⚠️ 段 6 超时，第 1 级二分（行 146-167 / 168-189）
[06:39:16]   段 12aba 历史超时标记，直接二分（行 316-319）
[06:39:16]   ⚠️ 段 12aba 超时，第 4 级二分（行 316-317 / 318-319）
[06:39:16]   段 6a（行 146-167）命中段级缓存（0 条）
[06:39:16]   段 6b 历史超时标记，直接二分（行 168-189）
[06:39:16]   ⚠️ 段 6b 超时，第 2 级二分（行 168-178 / 179-189）
[06:39:16]   段 12abaa（行 316-317）命中段级缓存（2 条）
[06:39:16]   段 6ba 历史超时标记，直接二分（行 168-178）
[06:39:16]   ⚠️ 段 6ba 超时，第 3 级二分（行 168-173 / 174-178）
[06:39:16]   段 12abab（行 318-319）命中段级缓存（0 条）
[06:39:16]   段 6baa（行 168-173）命中段级缓存（0 条）
[06:39:16]   段 12abb（行 320-323）命中段级缓存（0 条）
[06:39:16]   段 6bab（行 174-178）命中段级缓存（1 条）
[06:39:16]   段 6bb（行 179-189）命中段级缓存（1 条）
[06:39:16]   段 12b（行 324-340）命中段级缓存（2 条）
[06:39:16]   段 7 历史超时标记，直接二分（行 190-219）
[06:39:16]   ⚠️ 段 7 超时，第 1 级二分（行 190-204 / 205-219）
[06:39:16]   段 7a 历史超时标记，直接二分（行 190-204）
[06:39:16]   段 13（行 341-382）命中段级缓存（2 条）
[06:39:16]   ⚠️ 段 7a 超时，第 2 级二分（行 190-197 / 198-204）
[06:39:16]   段 7aa 历史超时标记，直接二分（行 190-197）
[06:39:16]   ⚠️ 段 7aa 超时，第 3 级二分（行 190-193 / 194-197）
[06:39:16]   段 7aaa 历史超时标记，直接二分（行 190-193）
[06:39:16]   ⚠️ 段 7aaa 超时，第 4 级二分（行 190-191 / 192-193）
[06:39:16]   段 7aaaa 历史超时标记，直接二分（行 190-191）
[06:39:16]   段 14 历史超时标记，直接二分（行 383-405）
[06:39:16]   ⚠️ 段 7aaaa 超时，第 5 级二分（行 190-190 / 191-191）
[06:39:16]   ⚠️ 段 14 超时，第 1 级二分（行 383-394 / 395-405）
[06:39:16]   段 7aaaaa（行 190-190，256 字符）送审...
[06:39:16]   段 14a（行 383-394）命中段级缓存（1 条）
[06:39:16]   段 14b（行 395-405）命中段级缓存（0 条）
[06:39:16]   段 15 历史超时标记，直接二分（行 406-433）
[06:39:16]   ⚠️ 段 15 超时，第 1 级二分（行 406-419 / 420-433）
[06:39:16]   段 15a（行 406-419）命中段级缓存（0 条）
[06:39:16]   段 15b 历史超时标记，直接二分（行 420-433）
[06:39:16]   ⚠️ 段 15b 超时，第 2 级二分（行 420-426 / 427-433）
[06:39:16]   段 15ba（行 420-426）命中段级缓存（3 条）
[06:39:16]   段 15bb（行 427-433）命中段级缓存（0 条）
[06:39:16]   段 16（行 434-444）命中段级缓存（0 条）
[06:39:16]   段 17（行 445-455）命中段级缓存（0 条）
[06:39:16]   段 18（行 456-483）命中段级缓存（0 条）
[06:39:16]   段 19（行 484-514）命中段级缓存（0 条）
[06:39:16]   复核 P1 第 61 行判定...
[06:39:27]   ⚠️ 复核 NO，标 suspect: NO。原文L0063已加勘误注记指出该式多写因子$c^2$并给出正确形式，当前版本【已修复】。
[06:39:27]   复核 P1 第 67 行判定...
[06:39:32]   ⚠️ 复核 NO，标 suspect: NO。此乃筛查断片所致截断伪影，原文L0067中相位因子公式完整闭合、推导逻辑自洽，不存在无法核验的实质错误。
[06:39:32]   复核 P1 第 67 行判定...
[06:39:52]   ✔ 复核 YES: YES。定义标题将C-层标为“动力学层/正则–赝动量层”，但正文仅由平移对称性Noether定理导出正则动量并明确其严格为“正则/赝动量层”，未提供任何动力学动量刻画，声明与正文不符。
[06:39:52]   复核 P1 第 161 行判定...
[06:40:13]   ✔ 复核 YES: YES。分子 $Ec/n+Mvc^2$ 的量纲为 $ML^3T^{-3}$，实为 $P_{\mathrm{tot}}c^2$ 而非能流 $ML^2T^{-3}$，且“能流÷能量”量纲为 $T^{-1}
[06:40:13]   复核 P1 第 197 行判定...
[06:40:23]   ✔ 复核 YES: YES。等式左侧 $O[w]$ 无张量指标而右侧被积函数含自由指标 $i$，积分结果为矢量，张量阶数不匹配，引文与结论均成立。
[06:40:23]   复核 P1 第 211 行判定...
[06:40:47]   ✔ 复核 YES: YES。L0211 左侧 δO[w] 无自由指标而右侧被积函数含自由指标 i，确属张量指标不匹配（或缺失配对下标导致求和约定失效）的记法错误。
[06:40:47]   复核 P1 第 283 行判定...
[06:40:56]   ✔ 复核 YES: YES。前提仅确立总量泛函在恒定权重下的等价性，未涵盖边界应力、力矩等宏观可观测量，不足以推出所有宏观实验均不可判定，故标记为【定理】确属夸大验证状态。
[06:40:56]   复核 P1 第 304 行判定...
[06:41:13]   段 7aaaaa 失败（118s）: 回复中未找到 JSON 数组（原始回复前200字: ''）
[06:41:13]   ❌ 数学基础强化_系列\09_相变的信息几何判据_曲率奇异性与标度律的统一.md 错误: 段 7a 失败: 段 7aa 失败: 段 7aaa 失败: 段 7aaaa 失败: 段 7aaaaa 失败: 回复中未找到 JSON 数组（原始回复前200字: ''）
[06:41:38]   ⚠️ 复核 NO，标 suspect: NO。原文明确标注“量级估算”并使用约等号，代入精确参数得到的 $1.03\times10^{-6}\,\mathrm{m/s}$ 与文中 $1.1\times10^{-6}\,\mathrm{m/s
[06:41:38]   复核 P1 第 317 行判定...
[06:41:46]   ✔ 复核 YES: YES。原文将角冲量单位 N·m·s 直接用于“累积角位移通道”，角位移量纲应为 rad，确属量纲与概念不匹配的错误。
[06:41:46]   复核 P1 第 317 行判定...
[06:42:01]   ✔ 复核 YES: YES。由原文给出的 $F\sim10^{-8}\,\mathrm{N}$、$R\approx16\,\mu\mathrm{m}$、$\tau=100\,\mathrm{fs}$ 计算得 $FR\ta
[06:42:01]   复核 P1 第 333 行判定...
[06:42:07]   ✔ 复核 YES: YES；代码中 MediumConstitutive 仅含 ε、μ 及其正性证明字段，确实未定义 n、c 也未将 εμ = n²/c² 固化为结构字段或约束，注释所称与实现不符。
[06:42:07]   复核 P1 第 335 行判定...
[06:42:49]   ✔ 复核 YES: YES。注释明确声称含 L1/L2 合法性约束与守恒分配，但 LegalSplit 结构在提供的代码中仅定义了分解标签字段，完全缺失所声明的约束条件及守恒方程，名实严重不符。
[06:42:49]   复核 P1 第 379 行判定...
[06:42:56]   ✔ 复核 YES: YES。若 T7 确为仅声明而未证明的占位符（sorry），则将其作为已完成定理来支撑对原始文献的重新定位属于不当引用，判定成立。
[06:42:56]   复核 P1 第 381 行判定...
[06:43:16]   ✔ 复核 YES: YES，若 T9a 在代码中确为 sorry 且 L0369 已明示其证明存在未解决的核心障碍，则 L0381 声称该文献“不可判定性由 T9a 覆盖”即属以未完成之定理夸大验证状态。
[06:43:16]   复核 P1 第 394 行判定...
[06:43:43]   ⚠️ 复核 NO，标 suspect: NO。经核，J. P. Gordon 并无此1972年 Ann. Phys. 独著文献，该条目实系 W. Gordon 1923 年 Ann. Phys. (Leipzig) 与 J. P. Gord
[06:43:43]   复核 P1 第 423 行判定...
[06:43:53]   ⚠️ 复核 NO，标 suspect: NO。作者在L0423已明确披露Lean骨架中T7–T9a为sorry-stub，故不构成隐瞒未完成状态。
[06:43:53]   复核 P1 第 426 行判定...
[06:44:07]   ⚠️ 复核 NO，标 suspect: NO。原文明确将 T7–T9a 标注为 sorry-stub 且结论仅声称问题转化为“可判定性”（结构清晰、可被判定）而非“已解决”，二者存在本质区别，不构成对验证状态的夸大。
[06:44:07]   ✅ 辐射压力_公理化研究\03_辐射压力层化理论_介质裁决的可判定结构.md 26 条 verdict {'P2': 9, 'P1': 17} 抽查=pass suspect=6
[06:44:07] 本批完成 2 个文件
[06:44:07] 汇总已写入 D:\TOE-SYLVA-pull\framework\paper_screen\deep_screen_summary.md
